Alias:
git config --global alias.c checkout

Remove  Alias:
local
vi /home/labsuser/handson-basic/.git/config  [local repo path]

/home/labsuser/handson-basic

Global
~/.gitconfig [User's home directory]

Amend last commit message:
git commit --amend -m "Modified msg 1"

Tag:
git tag v_0.0.1

Push Tag to remote repo
git push origin v_0.0.1

Unstage
modify <file>
git add <file>.  [it is staged]
git reset <file>
git checkout -- <file>

Remove file from repo
git rm <filename>
git commit -m ""
git push

Clean local workspace/repo/Untracked files
git add *.java
git add *.properties
git clean -n [List all untracked files]
  output>>> Would remove 1.txt
git clean -f [MAKE sure your actual files are in stage area.]

  output>>
  Changes to be committed:
  (use "git reset HEAD <file>..." to unstage)

        new file:   F1.java

  Untracked files:
    (use "git add <file>..." to include in what will be committed)

          1.txt 
  ==> git clean -f [It will only remove 1.txt]  
  
 git clean -d -f [it cleans untracked diretories]
 
 Rename a file in remote repo:
 git mv <src> <tar> 
 git commit -m "rename file"
 git push
 
 Restore a perticular file
 git log 
 >>> Pick the respective commit Id which is gone be restore to current local repo
 
 git checkout <commit Id> <filename>
 
   out put>>>
   
      Author: divang <divang.s@gmail.com>
      labsuser@ubuntu1804:~/handson-basic$ git log -p
      commit bd47d5f5305cd77ec9fee4fb855ae63d0c240819 (HEAD -> main, origin/main)
      Author: divang <divang.s@gmail.com>
      Date:   Sat Feb 13 15:59:39 2021 +0000

          feature 1

     diff --git a/F1.java b/F1.java
     index e69de29..6a11bb3 100644
   
    git checkout 5913331a3c5bf92f07d445cda60243a3d9a2c180 F1.java 

 
 
